// Vitest Snapshot v1, https://vitest.dev/guide/snapshot.html

exports[`eslint-formatter-jslint-xml > should format results correctly 1`] = `"<?xml version="1.0" encoding="utf-8"?><jslint><file name="foo.js"><issue line="5" char="10" evidence="" reason="Unexpected foo. (foo)" /></file><file name="bar.js"><issue line="6" char="11" evidence="" reason="Unexpected bar. (bar)" /></file></jslint>"`;
