// Vitest Snapshot v1, https://vitest.dev/guide/snapshot.html

exports[`eslint-formatter-junit > should format results correctly 1`] = `
"<?xml version="1.0" encoding="utf-8"?>
<testsuites>
<testsuite package="org.eslint" time="0" tests="1" errors="1" name="foo.js">
<testcase time="0" name="org.eslint.foo" classname="foo"><failure message="Unexpected foo."><![CDATA[line 5, col 10, Error - Unexpected foo. (foo)]]></failure></testcase>
</testsuite>
<testsuite package="org.eslint" time="0" tests="1" errors="1" name="bar.js">
<testcase time="0" name="org.eslint.bar" classname="bar"><failure message="Unexpected bar."><![CDATA[line 6, col 11, Warning - Unexpected bar. (bar)]]></failure></testcase>
</testsuite>
</testsuites>
"
`;
